{"chars1":{"before":["a","b","c"],"after":null,"type":"unchanged"},"chars2":{"before":["d","e","f"],"after":false,"type":"changed"},"checked":{"before":false,"after":true,"type":"changed"},"default":{"before":null,"after":["value1","value2"],"type":"changed"},"id":{"before":45,"after":null,"type":"changed"},"key1":{"before":"value1","after":null,"type":"deleted"},"key2":{"before":null,"after":"value2","type":"added"},"numbers1":{"before":[1,2,3,4],"after":null,"type":"unchanged"},"numbers2":{"before":[2,3,4,5],"after":[22,33,44,55],"type":"changed"},"numbers3":{"before":[3,4,5],"after":null,"type":"deleted"},"numbers4":{"before":null,"after":[4,5,6],"type":"added"},"obj1":{"before":null,"after":{"nestedKey":"value","isNested":true},"type":"added"},"setting1":{"before":"Some value","after":"Another value","type":"changed"},"setting2":{"before":200,"after":300,"type":"changed"},"setting3":{"before":true,"after":"none","type":"changed"}}
